Server running on http://localhost:3000
[0mGET / [32m200[0m 72.810 ms - 16718[0m
[0mGET /orders [32m200[0m 55.704 ms - 13187[0m
[0mGET /css/style.css [36m304[0m 9.848 ms - -[0m
[0mGET /js/app.js [36m304[0m 15.633 ms - -[0m
[0mGET /cart/api [36m304[0m 29.266 ms - -[0m
[0mGET /orders [36m304[0m 10.767 ms - -[0m
[0mGET /css/style.css [36m304[0m 4.777 ms - -[0m
[0mGET /js/app.js [36m304[0m 40.500 ms - -[0m
[0mGET /cart/api [36m304[0m 7.634 ms - -[0m
[0mGET /orders [36m304[0m 11.301 ms - -[0m
[0mGET /css/style.css [36m304[0m 14.479 ms - -[0m
[0mGET /js/app.js [36m304[0m 14.740 ms - -[0m
[0mGET /cart/api [36m304[0m 68.444 ms - -[0m
[0mGET /orders [36m304[0m 12.732 ms - -[0m
[0mGET /css/style.css [36m304[0m 30.366 ms - -[0m
[0mGET /js/app.js [36m304[0m 34.361 ms - -[0m
[0mGET /cart/api [36m304[0m 2.917 ms - -[0m
[0mGET /orders [36m304[0m 8.337 ms - -[0m
[0mGET /css/style.css [36m304[0m 4.622 ms - -[0m
[0mGET /js/app.js [36m304[0m 4.634 ms - -[0m
[0mGET /cart/api [36m304[0m 6.413 ms - -[0m
[0mGET /orders/2/invoice [32m200[0m 124.692 ms - -[0m
[0mGET /orders/track/3 [32m200[0m 7.384 ms - 8350[0m
[0mGET /css/style.css [36m304[0m 2.663 ms - -[0m
[0mGET /js/app.js [36m304[0m 7.786 ms - -[0m
[0mGET /cart/api [36m304[0m 4.900 ms - -[0m
[0mPOST /api/logout [32m200[0m 23.536 ms - 16[0m
[0mGET / [32m200[0m 8.803 ms - 16718[0m
[0mGET /css/style.css [36m304[0m 4.848 ms - -[0m
[0mGET /js/app.js [36m304[0m 2.373 ms - -[0m
[0mGET /cart/api [36m302[0m 3.912 ms - 28[0m
[0mGET /login [36m304[0m 4.588 ms - -[0m
[0mGET /login [36m304[0m 5.393 ms - -[0m
[0mGET /css/style.css [36m304[0m 3.928 ms - -[0m
[0mGET /js/app.js [36m304[0m 25.535 ms - -[0m
[0mGET /cart/api [36m302[0m 31.143 ms - 28[0m
[0mGET /login [36m304[0m 18.978 ms - -[0m
[0mPOST /api/login [32m200[0m 204.690 ms - 320[0m
[0mGET / [32m200[0m 6.443 ms - 17477[0m
[0mGET /css/style.css [36m304[0m 3.329 ms - -[0m
[0mGET /js/app.js [36m304[0m 2.916 ms - -[0m
[0mGET /cart/api [32m200[0m 8.539 ms - 32[0m
[0mGET /admin [32m200[0m 47.928 ms - 83091[0m
[0mGET /css/style.css [36m304[0m 7.017 ms - -[0m
[0mGET /js/app.js [36m304[0m 8.937 ms - -[0m
[0mGET /admin/api/revenue-chart [36m304[0m 17.967 ms - -[0m
[0mGET /cart/api [36m304[0m 48.432 ms - -[0m
[0mGET /admin [36m304[0m 20.307 ms - -[0m
[0mGET /css/style.css [36m304[0m 1.779 ms - -[0m
[0mGET /js/app.js [36m304[0m 28.271 ms - -[0m
[0mGET /admin/api/revenue-chart [36m304[0m 54.725 ms - -[0m
[0mGET /cart/api [36m304[0m 51.490 ms - -[0m
[0mPUT /admin/api/orders/3/status [32m200[0m 14.063 ms - 16[0m
[0mPUT /admin/api/orders/2/status [32m200[0m 11.091 ms - 16[0m
[0mPOST /api/logout [32m200[0m 1.087 ms - 16[0m
[0mGET / [32m200[0m 25.993 ms - 16718[0m
[0mGET /css/style.css [36m304[0m 1.721 ms - -[0m
[0mGET /js/app.js [36m304[0m 1.651 ms - -[0m
[0mGET /cart/api [36m302[0m 13.886 ms - 28[0m
[0mGET /login [36m304[0m 6.396 ms - -[0m
[0mGET /login [36m304[0m 2.843 ms - -[0m
[0mGET /css/style.css [36m304[0m 4.435 ms - -[0m
[0mGET /js/app.js [36m304[0m 16.024 ms - -[0m
[0mGET /cart/api [36m302[0m 0.762 ms - 28[0m
[0mGET /login [36m304[0m 17.874 ms - -[0m
[0mPOST /api/login [32m200[0m 151.327 ms - 348[0m
[0mGET / [32m200[0m 6.266 ms - 17313[0m
[0mGET /css/style.css [36m304[0m 21.629 ms - -[0m
[0mGET /js/app.js [36m304[0m 27.455 ms - -[0m
[0mGET /cart/api [32m200[0m 2.865 ms - 32[0m
[0mGET /orders [32m200[0m 18.615 ms - 13209[0m
[0mGET /css/style.css [36m304[0m 1.482 ms - -[0m
[0mGET /js/app.js [36m304[0m 6.188 ms - -[0m
[0mGET /cart/api [36m304[0m 3.482 ms - -[0m
[0mGET /orders/track/3 [32m200[0m 7.224 ms - 8356[0m
[0mGET /css/style.css [36m304[0m 3.655 ms - -[0m
[0mGET /js/app.js [36m304[0m 6.917 ms - -[0m
[0mGET /cart/api [36m304[0m 2.067 ms - -[0m
[0mGET /orders/track/1 [32m200[0m 6.605 ms - 8356[0m
[0mGET /css/style.css [36m304[0m 1.846 ms - -[0m
[0mGET /js/app.js [36m304[0m 5.366 ms - -[0m
[0mGET /cart/api [36m304[0m 7.031 ms - -[0m
[0mGET / [36m304[0m 5.622 ms - -[0m
[0mGET /css/style.css [36m304[0m 6.474 ms - -[0m
[0mGET /js/app.js [36m304[0m 29.805 ms - -[0m
[0mGET /cart/api [36m304[0m 1.782 ms - -[0m
[0mGET /products [36m304[0m 11.626 ms - -[0m
[0mGET /css/style.css [36m304[0m 24.336 ms - -[0m
[0mGET /js/app.js [36m304[0m 22.340 ms - -[0m
[0mGET /cart/api [36m304[0m 2.178 ms - -[0m
[0mGET /cart [32m200[0m 5.382 ms - 6470[0m
[0mGET /css/style.css [36m304[0m 0.857 ms - -[0m
[0mGET /js/app.js [36m304[0m 0.958 ms - -[0m
[0mGET /cart/api [36m304[0m 3.806 ms - -[0m
[0mGET /products [36m304[0m 8.696 ms - -[0m
[0mGET /css/style.css [36m304[0m 3.435 ms - -[0m
[0mGET /js/app.js [36m304[0m 3.265 ms - -[0m
[0mGET /cart/api [36m304[0m 2.177 ms - -[0m
[0mGET /profile [32m200[0m 47.470 ms - 7640[0m
[0mGET /css/style.css [36m304[0m 1.052 ms - -[0m
[0mGET /js/app.js [36m304[0m 5.040 ms - -[0m
[0mGET /cart/api [36m304[0m 2.217 ms - -[0m
[0mGET /orders [36m304[0m 9.526 ms - -[0m
[0mGET /css/style.css [36m304[0m 5.243 ms - -[0m
[0mGET /js/app.js [36m304[0m 10.526 ms - -[0m
[0mGET /cart/api [36m304[0m 7.055 ms - -[0m
